
Attaching package: 'dplyr'

The following objects are masked from 'package:stats':

    filter, lag

The following objects are masked from 'package:base':

    intersect, setdiff, setequal, union

Warning message:
package 'RSQLite' was built under R version 4.6.1 
finished chunk 1 of 29 
finished chunk 2 of 29 
finished chunk 3 of 29 
finished chunk 4 of 29 
finished chunk 5 of 29 
finished chunk 6 of 29 
finished chunk 7 of 29 
finished chunk 8 of 29 
finished chunk 9 of 29 
finished chunk 10 of 29 
finished chunk 11 of 29 
finished chunk 12 of 29 
finished chunk 13 of 29 
finished chunk 14 of 29 
finished chunk 15 of 29 
finished chunk 16 of 29 
finished chunk 17 of 29 
finished chunk 18 of 29 
finished chunk 19 of 29 
finished chunk 20 of 29 
finished chunk 21 of 29 
finished chunk 22 of 29 
finished chunk 23 of 29 
finished chunk 24 of 29 
finished chunk 25 of 29 
finished chunk 26 of 29 
finished chunk 27 of 29 
finished chunk 28 of 29 
finished chunk 29 of 29 
